16:57:47 **** Build of configuration Debug for project FreeRTOS_ex12_lpm ****
make -j4 all 
arm-none-eabi-gcc -o "FreeRTOS_ex12_lpm.elf" @"objects.list"   -mcpu=cortex-m4 -T"C:\Work\projects\FreeRTOS_Course\FreeRTOS_ex12_lpm\STM32L476RGTX_FLASH.ld" --specs=nosys.specs -Wl,-Map="FreeRTOS_ex12_lpm.map" -Wl,--gc-sections -static --specs=nano.specs -mfpu=fpv4-sp-d16 -mfloat-abi=hard -mthumb -Wl,--start-group -lc -lm -Wl,--end-group
Finished building target: FreeRTOS_ex12_lpm.elf
 
arm-none-eabi-size  FreeRTOS_ex12_lpm.elf 
arm-none-eabi-objdump -h -S FreeRTOS_ex12_lpm.elf  > "FreeRTOS_ex12_lpm.list"
   text	   data	    bss	    dec	    hex	filename
  26516	    104	   9600	  36220	   8d7c	FreeRTOS_ex12_lpm.elf
Finished building: default.size.stdout
 
Finished building: FreeRTOS_ex12_lpm.list
 
16:58:02 **** Incremental Build of configuration Debug for project FreeRTOS_ex12_lpm ****
make -j4 all 
arm-none-eabi-size  FreeRTOS_ex12_lpm.elf 
   text	   data	    bss	    dec	    hex	filename
  26516	    104	   9600	  36220	   8d7c	FreeRTOS_ex12_lpm.elf
Finished building: default.size.stdout
 
